gpl.cpp::main()
  input file(tests/t015.gpl)
  random seed(42)
  read_keypresses_from_standard_input(false)
  dump_pixels(false)
  symbol_table(true)
  print_symbol_table(true)
  graphics(false)

gpl.cpp::main() Calling yyparse()


gpl.cpp::main() after call to yyparse().

No errors found (parser probably worked correctly).


Printing the symbol table from main()
int a 42
double b 3.5
double c 12.1
double q 42
double r 42
double s 42
double w 42
double y 42
double z 42
If graphics was enabled gpl program would execute now.

gpl.cpp::main() done.
