gpl.cpp::main()
  input file(tests/t024.gpl)
  random seed(42)
  read_keypresses_from_standard_input(false)
  dump_pixels(false)
  symbol_table(true)
  print_symbol_table(true)
  graphics(false)

gpl.cpp::main() Calling yyparse()


gpl.cpp::main() after call to yyparse().

No errors found (parser probably worked correctly).


Printing the symbol table from main()
int a 0
int b 0
int c 0
int d 1
int e 0
int f 0
int g 1
int h 1
int i 0
int j 0
int k 0
int l 0
int m 0
int n 1
int o 1
If graphics was enabled gpl program would execute now.

gpl.cpp::main() done.
