gpl.cpp::main()
  input file(tests/t007.gpl)
  random seed(42)
  read_keypresses_from_standard_input(false)
  dump_pixels(false)
  symbol_table(false)
  print_symbol_table(false)
  graphics(false)

gpl.cpp::main() Calling yyparse()


gpl.cpp::main() after call to yyparse().

No errors found (parser probably worked correctly).

If graphics was enabled gpl program would execute now.

gpl.cpp::main() done.
