parser.cpp::main() reading file tests/t004.in
parser.cpp::main() about to call yyparse()
type zero or more array declarations followed by ^D:

foo[] = {1, 2, 3};
nums[] = {1.1, 0.2, 0.3};
strings[] = {hello, goodbye, compiler};

parser.cpp::main() after call to yyparse()

no errors found by yyparse()

parser.cpp::main() end of program.
