gpl.cpp::main()
  input file(tests/t021.gpl)
  random seed(42)
  read_keypresses_from_standard_input(true)
  dump_pixels(false)
  symbol_table(true)
  print_symbol_table(true)
  graphics(true)

gpl.cpp::main() Calling yyparse()


gpl.cpp::main() after call to yyparse().


Printing the symbol table from main()
int col 0
int row 0
string str ""
gpl.cpp::main() Calling window->initialize().
gpl.cpp::main() Passing control to window->main_loop().
gpl[12]: row = 0, col = 0
gpl[12]: row = 0, col = 1
gpl[12]: row = 0, col = 2
gpl[12]: row = 0, col = 3
gpl[12]: row = 0, col = 4
gpl[12]: row = 0, col = 5
gpl[12]: row = 0, col = 6
gpl[12]: row = 0, col = 7
gpl[12]: row = 0, col = 8
gpl[12]: row = 0, col = 9
gpl[12]: row = 1, col = 0
gpl[12]: row = 1, col = 1
gpl[12]: row = 1, col = 2
gpl[12]: row = 1, col = 3
gpl[12]: row = 1, col = 4
gpl[12]: row = 1, col = 5
gpl[12]: row = 1, col = 6
gpl[12]: row = 1, col = 7
gpl[12]: row = 1, col = 8
gpl[12]: row = 1, col = 9
gpl[12]: row = 2, col = 0
gpl[12]: row = 2, col = 1
gpl[12]: row = 2, col = 2
gpl[12]: row = 2, col = 3
gpl[12]: row = 2, col = 4
gpl[12]: row = 2, col = 5
gpl[12]: row = 2, col = 6
gpl[12]: row = 2, col = 7
gpl[12]: row = 2, col = 8
gpl[12]: row = 2, col = 9
gpl[12]: row = 3, col = 0
gpl[12]: row = 3, col = 1
gpl[12]: row = 3, col = 2
gpl[12]: row = 3, col = 3
gpl[12]: row = 3, col = 4
gpl[12]: row = 3, col = 5
gpl[12]: row = 3, col = 6
gpl[12]: row = 3, col = 7
gpl[12]: row = 3, col = 8
gpl[12]: row = 3, col = 9
gpl[12]: row = 4, col = 0
gpl[12]: row = 4, col = 1
gpl[12]: row = 4, col = 2
gpl[12]: row = 4, col = 3
gpl[12]: row = 4, col = 4
gpl[12]: row = 4, col = 5
gpl[12]: row = 4, col = 6
gpl[12]: row = 4, col = 7
gpl[12]: row = 4, col = 8
gpl[12]: row = 4, col = 9
gpl[12]: row = 5, col = 0
gpl[12]: row = 5, col = 1
gpl[12]: row = 5, col = 2
gpl[12]: row = 5, col = 3
gpl[12]: row = 5, col = 4
gpl[12]: row = 5, col = 5
gpl[12]: row = 5, col = 6
gpl[12]: row = 5, col = 7
gpl[12]: row = 5, col = 8
gpl[12]: row = 5, col = 9
gpl[12]: row = 6, col = 0
gpl[12]: row = 6, col = 1
gpl[12]: row = 6, col = 2
gpl[12]: row = 6, col = 3
gpl[12]: row = 6, col = 4
gpl[12]: row = 6, col = 5
gpl[12]: row = 6, col = 6
gpl[12]: row = 6, col = 7
gpl[12]: row = 6, col = 8
gpl[12]: row = 6, col = 9
gpl[12]: row = 7, col = 0
gpl[12]: row = 7, col = 1
gpl[12]: row = 7, col = 2
gpl[12]: row = 7, col = 3
gpl[12]: row = 7, col = 4
gpl[12]: row = 7, col = 5
gpl[12]: row = 7, col = 6
gpl[12]: row = 7, col = 7
gpl[12]: row = 7, col = 8
gpl[12]: row = 7, col = 9
gpl[12]: row = 8, col = 0
gpl[12]: row = 8, col = 1
gpl[12]: row = 8, col = 2
gpl[12]: row = 8, col = 3
gpl[12]: row = 8, col = 4
gpl[12]: row = 8, col = 5
gpl[12]: row = 8, col = 6
gpl[12]: row = 8, col = 7
gpl[12]: row = 8, col = 8
gpl[12]: row = 8, col = 9
gpl[12]: row = 9, col = 0
gpl[12]: row = 9, col = 1
gpl[12]: row = 9, col = 2
gpl[12]: row = 9, col = 3
gpl[12]: row = 9, col = 4
gpl[12]: row = 9, col = 5
gpl[12]: row = 9, col = 6
gpl[12]: row = 9, col = 7
gpl[12]: row = 9, col = 8
gpl[12]: row = 9, col = 9

Printing the symbol table from signal_handler()
int col 10
int row 10
string str "row = 9, col = 9"
