gpl.cpp::main()
  input file(tests/t007.gpl)
  random seed(42)
  read_keypresses_from_standard_input(false)
  dump_pixels(false)
  symbol_table(true)
  print_symbol_table(true)
  graphics(false)

gpl.cpp::main() Calling yyparse()


gpl.cpp::main() after call to yyparse().

No errors found (parser probably worked correctly).


Printing the symbol table from main()
int i0 42
int i1 42
int i10 42
int i100 42
int i1000 42
int i101 42
int i102 42
int i103 42
int i104 42
int i105 42
int i106 42
int i107 42
int i108 42
int i109 42
int i11 42
int i110 42
int i111 42
int i112 42
int i113 42
int i114 42
int i115 42
int i116 42
int i117 42
int i118 42
int i119 42
int i12 42
int i120 42
int i121 42
int i122 42
int i123 42
int i124 42
int i125 42
int i126 42
int i127 42
int i128 42
int i129 42
int i13 42
int i130 42
int i131 42
int i132 42
int i133 42
int i134 42
int i135 42
int i136 42
int i137 42
int i138 42
int i139 42
int i14 42
int i140 42
int i141 42
int i142 42
int i143 42
int i144 42
int i145 42
int i146 42
int i147 42
int i148 42
int i149 42
int i15 42
int i150 42
int i151 42
int i152 42
int i153 42
int i154 42
int i155 42
int i156 42
int i157 42
int i158 42
int i159 42
int i16 42
int i160 42
int i161 42
int i162 42
int i163 42
int i164 42
int i165 42
int i166 42
int i167 42
int i168 42
int i169 42
int i17 42
int i170 42
int i171 42
int i172 42
int i173 42
int i174 42
int i175 42
int i176 42
int i177 42
int i178 42
int i179 42
int i18 42
int i180 42
int i181 42
int i182 42
int i183 42
int i184 42
int i185 42
int i186 42
int i187 42
int i188 42
int i189 42
int i19 42
int i190 42
int i191 42
int i192 42
int i193 42
int i194 42
int i195 42
int i196 42
int i197 42
int i198 42
int i199 42
int i2 42
int i20 42
int i200 42
int i201 42
int i202 42
int i203 42
int i204 42
int i205 42
int i206 42
int i207 42
int i208 42
int i209 42
int i21 42
int i210 42
int i211 42
int i212 42
int i213 42
int i214 42
int i215 42
int i216 42
int i217 42
int i218 42
int i219 42
int i22 42
int i220 42
int i221 42
int i222 42
int i223 42
int i224 42
int i225 42
int i226 42
int i227 42
int i228 42
int i229 42
int i23 42
int i230 42
int i231 42
int i232 42
int i233 42
int i234 42
int i235 42
int i236 42
int i237 42
int i238 42
int i239 42
int i24 42
int i240 42
int i241 42
int i242 42
int i243 42
int i244 42
int i245 42
int i246 42
int i247 42
int i248 42
int i249 42
int i25 42
int i250 42
int i251 42
int i252 42
int i253 42
int i254 42
int i255 42
int i256 42
int i257 42
int i258 42
int i259 42
int i26 42
int i260 42
int i261 42
int i262 42
int i263 42
int i264 42
int i265 42
int i266 42
int i267 42
int i268 42
int i269 42
int i27 42
int i270 42
int i271 42
int i272 42
int i273 42
int i274 42
int i275 42
int i276 42
int i277 42
int i278 42
int i279 42
int i28 42
int i280 42
int i281 42
int i282 42
int i283 42
int i284 42
int i285 42
int i286 42
int i287 42
int i288 42
int i289 42
int i29 42
int i290 42
int i291 42
int i292 42
int i293 42
int i294 42
int i295 42
int i296 42
int i297 42
int i298 42
int i299 42
int i3 42
int i30 42
int i300 42
int i301 42
int i302 42
int i303 42
int i304 42
int i305 42
int i306 42
int i307 42
int i308 42
int i309 42
int i31 42
int i310 42
int i311 42
int i312 42
int i313 42
int i314 42
int i315 42
int i316 42
int i317 42
int i318 42
int i319 42
int i32 42
int i320 42
int i321 42
int i322 42
int i323 42
int i324 42
int i325 42
int i326 42
int i327 42
int i328 42
int i329 42
int i33 42
int i330 42
int i331 42
int i332 42
int i333 42
int i334 42
int i335 42
int i336 42
int i337 42
int i338 42
int i339 42
int i34 42
int i340 42
int i341 42
int i342 42
int i343 42
int i344 42
int i345 42
int i346 42
int i347 42
int i348 42
int i349 42
int i35 42
int i350 42
int i351 42
int i352 42
int i353 42
int i354 42
int i355 42
int i356 42
int i357 42
int i358 42
int i359 42
int i36 42
int i360 42
int i361 42
int i362 42
int i363 42
int i364 42
int i365 42
int i366 42
int i367 42
int i368 42
int i369 42
int i37 42
int i370 42
int i371 42
int i372 42
int i373 42
int i374 42
int i375 42
int i376 42
int i377 42
int i378 42
int i379 42
int i38 42
int i380 42
int i381 42
int i382 42
int i383 42
int i384 42
int i385 42
int i386 42
int i387 42
int i388 42
int i389 42
int i39 42
int i390 42
int i391 42
int i392 42
int i393 42
int i394 42
int i395 42
int i396 42
int i397 42
int i398 42
int i399 42
int i4 42
int i40 42
int i400 42
int i401 42
int i402 42
int i403 42
int i404 42
int i405 42
int i406 42
int i407 42
int i408 42
int i409 42
int i41 42
int i410 42
int i411 42
int i412 42
int i413 42
int i414 42
int i415 42
int i416 42
int i417 42
int i418 42
int i419 42
int i42 42
int i420 42
int i421 42
int i422 42
int i423 42
int i424 42
int i425 42
int i426 42
int i427 42
int i428 42
int i429 42
int i43 42
int i430 42
int i431 42
int i432 42
int i433 42
int i434 42
int i435 42
int i436 42
int i437 42
int i438 42
int i439 42
int i44 42
int i440 42
int i441 42
int i442 42
int i443 42
int i444 42
int i445 42
int i446 42
int i447 42
int i448 42
int i449 42
int i45 42
int i450 42
int i451 42
int i452 42
int i453 42
int i454 42
int i455 42
int i456 42
int i457 42
int i458 42
int i459 42
int i46 42
int i460 42
int i461 42
int i462 42
int i463 42
int i464 42
int i465 42
int i466 42
int i467 42
int i468 42
int i469 42
int i47 42
int i470 42
int i471 42
int i472 42
int i473 42
int i474 42
int i475 42
int i476 42
int i477 42
int i478 42
int i479 42
int i48 42
int i480 42
int i481 42
int i482 42
int i483 42
int i484 42
int i485 42
int i486 42
int i487 42
int i488 42
int i489 42
int i49 42
int i490 42
int i491 42
int i492 42
int i493 42
int i494 42
int i495 42
int i496 42
int i497 42
int i498 42
int i499 42
int i5 42
int i50 42
int i500 42
int i501 42
int i502 42
int i503 42
int i504 42
int i505 42
int i506 42
int i507 42
int i508 42
int i509 42
int i51 42
int i510 42
int i511 42
int i512 42
int i513 42
int i514 42
int i515 42
int i516 42
int i517 42
int i518 42
int i519 42
int i52 42
int i520 42
int i521 42
int i522 42
int i523 42
int i524 42
int i525 42
int i526 42
int i527 42
int i528 42
int i529 42
int i53 42
int i530 42
int i531 42
int i532 42
int i533 42
int i534 42
int i535 42
int i536 42
int i537 42
int i538 42
int i539 42
int i54 42
int i540 42
int i541 42
int i542 42
int i543 42
int i544 42
int i545 42
int i546 42
int i547 42
int i548 42
int i549 42
int i55 42
int i550 42
int i551 42
int i552 42
int i553 42
int i554 42
int i555 42
int i556 42
int i557 42
int i558 42
int i559 42
int i56 42
int i560 42
int i561 42
int i562 42
int i563 42
int i564 42
int i565 42
int i566 42
int i567 42
int i568 42
int i569 42
int i57 42
int i570 42
int i571 42
int i572 42
int i573 42
int i574 42
int i575 42
int i576 42
int i577 42
int i578 42
int i579 42
int i58 42
int i580 42
int i581 42
int i582 42
int i583 42
int i584 42
int i585 42
int i586 42
int i587 42
int i588 42
int i589 42
int i59 42
int i590 42
int i591 42
int i592 42
int i593 42
int i594 42
int i595 42
int i596 42
int i597 42
int i598 42
int i599 42
int i6 42
int i60 42
int i600 42
int i601 42
int i602 42
int i603 42
int i604 42
int i605 42
int i606 42
int i607 42
int i608 42
int i609 42
int i61 42
int i610 42
int i611 42
int i612 42
int i613 42
int i614 42
int i615 42
int i616 42
int i617 42
int i618 42
int i619 42
int i62 42
int i620 42
int i621 42
int i622 42
int i623 42
int i624 42
int i625 42
int i626 42
int i627 42
int i628 42
int i629 42
int i63 42
int i630 42
int i631 42
int i632 42
int i633 42
int i634 42
int i635 42
int i636 42
int i637 42
int i638 42
int i639 42
int i64 42
int i640 42
int i641 42
int i642 42
int i643 42
int i644 42
int i645 42
int i646 42
int i647 42
int i648 42
int i649 42
int i65 42
int i650 42
int i651 42
int i652 42
int i653 42
int i654 42
int i655 42
int i656 42
int i657 42
int i658 42
int i659 42
int i66 42
int i660 42
int i661 42
int i662 42
int i663 42
int i664 42
int i665 42
int i666 42
int i667 42
int i668 42
int i669 42
int i67 42
int i670 42
int i671 42
int i672 42
int i673 42
int i674 42
int i675 42
int i676 42
int i677 42
int i678 42
int i679 42
int i68 42
int i680 42
int i681 42
int i682 42
int i683 42
int i684 42
int i685 42
int i686 42
int i687 42
int i688 42
int i689 42
int i69 42
int i690 42
int i691 42
int i692 42
int i693 42
int i694 42
int i695 42
int i696 42
int i697 42
int i698 42
int i699 42
int i7 42
int i70 42
int i700 42
int i701 42
int i702 42
int i703 42
int i704 42
int i705 42
int i706 42
int i707 42
int i708 42
int i709 42
int i71 42
int i710 42
int i711 42
int i712 42
int i713 42
int i714 42
int i715 42
int i716 42
int i717 42
int i718 42
int i719 42
int i72 42
int i720 42
int i721 42
int i722 42
int i723 42
int i724 42
int i725 42
int i726 42
int i727 42
int i728 42
int i729 42
int i73 42
int i730 42
int i731 42
int i732 42
int i733 42
int i734 42
int i735 42
int i736 42
int i737 42
int i738 42
int i739 42
int i74 42
int i740 42
int i741 42
int i742 42
int i743 42
int i744 42
int i745 42
int i746 42
int i747 42
int i748 42
int i749 42
int i75 42
int i750 42
int i751 42
int i752 42
int i753 42
int i754 42
int i755 42
int i756 42
int i757 42
int i758 42
int i759 42
int i76 42
int i760 42
int i761 42
int i762 42
int i763 42
int i764 42
int i765 42
int i766 42
int i767 42
int i768 42
int i769 42
int i77 42
int i770 42
int i771 42
int i772 42
int i773 42
int i774 42
int i775 42
int i776 42
int i777 42
int i778 42
int i779 42
int i78 42
int i780 42
int i781 42
int i782 42
int i783 42
int i784 42
int i785 42
int i786 42
int i787 42
int i788 42
int i789 42
int i79 42
int i790 42
int i791 42
int i792 42
int i793 42
int i794 42
int i795 42
int i796 42
int i797 42
int i798 42
int i799 42
int i8 42
int i80 42
int i800 42
int i801 42
int i802 42
int i803 42
int i804 42
int i805 42
int i806 42
int i807 42
int i808 42
int i809 42
int i81 42
int i810 42
int i811 42
int i812 42
int i813 42
int i814 42
int i815 42
int i816 42
int i817 42
int i818 42
int i819 42
int i82 42
int i820 42
int i821 42
int i822 42
int i823 42
int i824 42
int i825 42
int i826 42
int i827 42
int i828 42
int i829 42
int i83 42
int i830 42
int i831 42
int i832 42
int i833 42
int i834 42
int i835 42
int i836 42
int i837 42
int i838 42
int i839 42
int i84 42
int i840 42
int i841 42
int i842 42
int i843 42
int i844 42
int i845 42
int i846 42
int i847 42
int i848 42
int i849 42
int i85 42
int i850 42
int i851 42
int i852 42
int i853 42
int i854 42
int i855 42
int i856 42
int i857 42
int i858 42
int i859 42
int i86 42
int i860 42
int i861 42
int i862 42
int i863 42
int i864 42
int i865 42
int i866 42
int i867 42
int i868 42
int i869 42
int i87 42
int i870 42
int i871 42
int i872 42
int i873 42
int i874 42
int i875 42
int i876 42
int i877 42
int i878 42
int i879 42
int i88 42
int i880 42
int i881 42
int i882 42
int i883 42
int i884 42
int i885 42
int i886 42
int i887 42
int i888 42
int i889 42
int i89 42
int i890 42
int i891 42
int i892 42
int i893 42
int i894 42
int i895 42
int i896 42
int i897 42
int i898 42
int i899 42
int i9 42
int i90 42
int i900 42
int i901 42
int i902 42
int i903 42
int i904 42
int i905 42
int i906 42
int i907 42
int i908 42
int i909 42
int i91 42
int i910 42
int i911 42
int i912 42
int i913 42
int i914 42
int i915 42
int i916 42
int i917 42
int i918 42
int i919 42
int i92 42
int i920 42
int i921 42
int i922 42
int i923 42
int i924 42
int i925 42
int i926 42
int i927 42
int i928 42
int i929 42
int i93 42
int i930 42
int i931 42
int i932 42
int i933 42
int i934 42
int i935 42
int i936 42
int i937 42
int i938 42
int i939 42
int i94 42
int i940 42
int i941 42
int i942 42
int i943 42
int i944 42
int i945 42
int i946 42
int i947 42
int i948 42
int i949 42
int i95 42
int i950 42
int i951 42
int i952 42
int i953 42
int i954 42
int i955 42
int i956 42
int i957 42
int i958 42
int i959 42
int i96 42
int i960 42
int i961 42
int i962 42
int i963 42
int i964 42
int i965 42
int i966 42
int i967 42
int i968 42
int i969 42
int i97 42
int i970 42
int i971 42
int i972 42
int i973 42
int i974 42
int i975 42
int i976 42
int i977 42
int i978 42
int i979 42
int i98 42
int i980 42
int i981 42
int i982 42
int i983 42
int i984 42
int i985 42
int i986 42
int i987 42
int i988 42
int i989 42
int i99 42
int i990 42
int i991 42
int i992 42
int i993 42
int i994 42
int i995 42
int i996 42
int i997 42
int i998 42
int i999 42
double x0 3.145
double x1 3.145
double x10 3.145
double x100 3.145
double x1000 3.145
double x101 3.145
double x102 3.145
double x103 3.145
double x104 3.145
double x105 3.145
double x106 3.145
double x107 3.145
double x108 3.145
double x109 3.145
double x11 3.145
double x110 3.145
double x111 3.145
double x112 3.145
double x113 3.145
double x114 3.145
double x115 3.145
double x116 3.145
double x117 3.145
double x118 3.145
double x119 3.145
double x12 3.145
double x120 3.145
double x121 3.145
double x122 3.145
double x123 3.145
double x124 3.145
double x125 3.145
double x126 3.145
double x127 3.145
double x128 3.145
double x129 3.145
double x13 3.145
double x130 3.145
double x131 3.145
double x132 3.145
double x133 3.145
double x134 3.145
double x135 3.145
double x136 3.145
double x137 3.145
double x138 3.145
double x139 3.145
double x14 3.145
double x140 3.145
double x141 3.145
double x142 3.145
double x143 3.145
double x144 3.145
double x145 3.145
double x146 3.145
double x147 3.145
double x148 3.145
double x149 3.145
double x15 3.145
double x150 3.145
double x151 3.145
double x152 3.145
double x153 3.145
double x154 3.145
double x155 3.145
double x156 3.145
double x157 3.145
double x158 3.145
double x159 3.145
double x16 3.145
double x160 3.145
double x161 3.145
double x162 3.145
double x163 3.145
double x164 3.145
double x165 3.145
double x166 3.145
double x167 3.145
double x168 3.145
double x169 3.145
double x17 3.145
double x170 3.145
double x171 3.145
double x172 3.145
double x173 3.145
double x174 3.145
double x175 3.145
double x176 3.145
double x177 3.145
double x178 3.145
double x179 3.145
double x18 3.145
double x180 3.145
double x181 3.145
double x182 3.145
double x183 3.145
double x184 3.145
double x185 3.145
double x186 3.145
double x187 3.145
double x188 3.145
double x189 3.145
double x19 3.145
double x190 3.145
double x191 3.145
double x192 3.145
double x193 3.145
double x194 3.145
double x195 3.145
double x196 3.145
double x197 3.145
double x198 3.145
double x199 3.145
double x2 3.145
double x20 3.145
double x200 3.145
double x201 3.145
double x202 3.145
double x203 3.145
double x204 3.145
double x205 3.145
double x206 3.145
double x207 3.145
double x208 3.145
double x209 3.145
double x21 3.145
double x210 3.145
double x211 3.145
double x212 3.145
double x213 3.145
double x214 3.145
double x215 3.145
double x216 3.145
double x217 3.145
double x218 3.145
double x219 3.145
double x22 3.145
double x220 3.145
double x221 3.145
double x222 3.145
double x223 3.145
double x224 3.145
double x225 3.145
double x226 3.145
double x227 3.145
double x228 3.145
double x229 3.145
double x23 3.145
double x230 3.145
double x231 3.145
double x232 3.145
double x233 3.145
double x234 3.145
double x235 3.145
double x236 3.145
double x237 3.145
double x238 3.145
double x239 3.145
double x24 3.145
double x240 3.145
double x241 3.145
double x242 3.145
double x243 3.145
double x244 3.145
double x245 3.145
double x246 3.145
double x247 3.145
double x248 3.145
double x249 3.145
double x25 3.145
double x250 3.145
double x251 3.145
double x252 3.145
double x253 3.145
double x254 3.145
double x255 3.145
double x256 3.145
double x257 3.145
double x258 3.145
double x259 3.145
double x26 3.145
double x260 3.145
double x261 3.145
double x262 3.145
double x263 3.145
double x264 3.145
double x265 3.145
double x266 3.145
double x267 3.145
double x268 3.145
double x269 3.145
double x27 3.145
double x270 3.145
double x271 3.145
double x272 3.145
double x273 3.145
double x274 3.145
double x275 3.145
double x276 3.145
double x277 3.145
double x278 3.145
double x279 3.145
double x28 3.145
double x280 3.145
double x281 3.145
double x282 3.145
double x283 3.145
double x284 3.145
double x285 3.145
double x286 3.145
double x287 3.145
double x288 3.145
double x289 3.145
double x29 3.145
double x290 3.145
double x291 3.145
double x292 3.145
double x293 3.145
double x294 3.145
double x295 3.145
double x296 3.145
double x297 3.145
double x298 3.145
double x299 3.145
double x3 3.145
double x30 3.145
double x300 3.145
double x301 3.145
double x302 3.145
double x303 3.145
double x304 3.145
double x305 3.145
double x306 3.145
double x307 3.145
double x308 3.145
double x309 3.145
double x31 3.145
double x310 3.145
double x311 3.145
double x312 3.145
double x313 3.145
double x314 3.145
double x315 3.145
double x316 3.145
double x317 3.145
double x318 3.145
double x319 3.145
double x32 3.145
double x320 3.145
double x321 3.145
double x322 3.145
double x323 3.145
double x324 3.145
double x325 3.145
double x326 3.145
double x327 3.145
double x328 3.145
double x329 3.145
double x33 3.145
double x330 3.145
double x331 3.145
double x332 3.145
double x333 3.145
double x334 3.145
double x335 3.145
double x336 3.145
double x337 3.145
double x338 3.145
double x339 3.145
double x34 3.145
double x340 3.145
double x341 3.145
double x342 3.145
double x343 3.145
double x344 3.145
double x345 3.145
double x346 3.145
double x347 3.145
double x348 3.145
double x349 3.145
double x35 3.145
double x350 3.145
double x351 3.145
double x352 3.145
double x353 3.145
double x354 3.145
double x355 3.145
double x356 3.145
double x357 3.145
double x358 3.145
double x359 3.145
double x36 3.145
double x360 3.145
double x361 3.145
double x362 3.145
double x363 3.145
double x364 3.145
double x365 3.145
double x366 3.145
double x367 3.145
double x368 3.145
double x369 3.145
double x37 3.145
double x370 3.145
double x371 3.145
double x372 3.145
double x373 3.145
double x374 3.145
double x375 3.145
double x376 3.145
double x377 3.145
double x378 3.145
double x379 3.145
double x38 3.145
double x380 3.145
double x381 3.145
double x382 3.145
double x383 3.145
double x384 3.145
double x385 3.145
double x386 3.145
double x387 3.145
double x388 3.145
double x389 3.145
double x39 3.145
double x390 3.145
double x391 3.145
double x392 3.145
double x393 3.145
double x394 3.145
double x395 3.145
double x396 3.145
double x397 3.145
double x398 3.145
double x399 3.145
double x4 3.145
double x40 3.145
double x400 3.145
double x401 3.145
double x402 3.145
double x403 3.145
double x404 3.145
double x405 3.145
double x406 3.145
double x407 3.145
double x408 3.145
double x409 3.145
double x41 3.145
double x410 3.145
double x411 3.145
double x412 3.145
double x413 3.145
double x414 3.145
double x415 3.145
double x416 3.145
double x417 3.145
double x418 3.145
double x419 3.145
double x42 3.145
double x420 3.145
double x421 3.145
double x422 3.145
double x423 3.145
double x424 3.145
double x425 3.145
double x426 3.145
double x427 3.145
double x428 3.145
double x429 3.145
double x43 3.145
double x430 3.145
double x431 3.145
double x432 3.145
double x433 3.145
double x434 3.145
double x435 3.145
double x436 3.145
double x437 3.145
double x438 3.145
double x439 3.145
double x44 3.145
double x440 3.145
double x441 3.145
double x442 3.145
double x443 3.145
double x444 3.145
double x445 3.145
double x446 3.145
double x447 3.145
double x448 3.145
double x449 3.145
double x45 3.145
double x450 3.145
double x451 3.145
double x452 3.145
double x453 3.145
double x454 3.145
double x455 3.145
double x456 3.145
double x457 3.145
double x458 3.145
double x459 3.145
double x46 3.145
double x460 3.145
double x461 3.145
double x462 3.145
double x463 3.145
double x464 3.145
double x465 3.145
double x466 3.145
double x467 3.145
double x468 3.145
double x469 3.145
double x47 3.145
double x470 3.145
double x471 3.145
double x472 3.145
double x473 3.145
double x474 3.145
double x475 3.145
double x476 3.145
double x477 3.145
double x478 3.145
double x479 3.145
double x48 3.145
double x480 3.145
double x481 3.145
double x482 3.145
double x483 3.145
double x484 3.145
double x485 3.145
double x486 3.145
double x487 3.145
double x488 3.145
double x489 3.145
double x49 3.145
double x490 3.145
double x491 3.145
double x492 3.145
double x493 3.145
double x494 3.145
double x495 3.145
double x496 3.145
double x497 3.145
double x498 3.145
double x499 3.145
double x5 3.145
double x50 3.145
double x500 3.145
double x501 3.145
double x502 3.145
double x503 3.145
double x504 3.145
double x505 3.145
double x506 3.145
double x507 3.145
double x508 3.145
double x509 3.145
double x51 3.145
double x510 3.145
double x511 3.145
double x512 3.145
double x513 3.145
double x514 3.145
double x515 3.145
double x516 3.145
double x517 3.145
double x518 3.145
double x519 3.145
double x52 3.145
double x520 3.145
double x521 3.145
double x522 3.145
double x523 3.145
double x524 3.145
double x525 3.145
double x526 3.145
double x527 3.145
double x528 3.145
double x529 3.145
double x53 3.145
double x530 3.145
double x531 3.145
double x532 3.145
double x533 3.145
double x534 3.145
double x535 3.145
double x536 3.145
double x537 3.145
double x538 3.145
double x539 3.145
double x54 3.145
double x540 3.145
double x541 3.145
double x542 3.145
double x543 3.145
double x544 3.145
double x545 3.145
double x546 3.145
double x547 3.145
double x548 3.145
double x549 3.145
double x55 3.145
double x550 3.145
double x551 3.145
double x552 3.145
double x553 3.145
double x554 3.145
double x555 3.145
double x556 3.145
double x557 3.145
double x558 3.145
double x559 3.145
double x56 3.145
double x560 3.145
double x561 3.145
double x562 3.145
double x563 3.145
double x564 3.145
double x565 3.145
double x566 3.145
double x567 3.145
double x568 3.145
double x569 3.145
double x57 3.145
double x570 3.145
double x571 3.145
double x572 3.145
double x573 3.145
double x574 3.145
double x575 3.145
double x576 3.145
double x577 3.145
double x578 3.145
double x579 3.145
double x58 3.145
double x580 3.145
double x581 3.145
double x582 3.145
double x583 3.145
double x584 3.145
double x585 3.145
double x586 3.145
double x587 3.145
double x588 3.145
double x589 3.145
double x59 3.145
double x590 3.145
double x591 3.145
double x592 3.145
double x593 3.145
double x594 3.145
double x595 3.145
double x596 3.145
double x597 3.145
double x598 3.145
double x599 3.145
double x6 3.145
double x60 3.145
double x600 3.145
double x601 3.145
double x602 3.145
double x603 3.145
double x604 3.145
double x605 3.145
double x606 3.145
double x607 3.145
double x608 3.145
double x609 3.145
double x61 3.145
double x610 3.145
double x611 3.145
double x612 3.145
double x613 3.145
double x614 3.145
double x615 3.145
double x616 3.145
double x617 3.145
double x618 3.145
double x619 3.145
double x62 3.145
double x620 3.145
double x621 3.145
double x622 3.145
double x623 3.145
double x624 3.145
double x625 3.145
double x626 3.145
double x627 3.145
double x628 3.145
double x629 3.145
double x63 3.145
double x630 3.145
double x631 3.145
double x632 3.145
double x633 3.145
double x634 3.145
double x635 3.145
double x636 3.145
double x637 3.145
double x638 3.145
double x639 3.145
double x64 3.145
double x640 3.145
double x641 3.145
double x642 3.145
double x643 3.145
double x644 3.145
double x645 3.145
double x646 3.145
double x647 3.145
double x648 3.145
double x649 3.145
double x65 3.145
double x650 3.145
double x651 3.145
double x652 3.145
double x653 3.145
double x654 3.145
double x655 3.145
double x656 3.145
double x657 3.145
double x658 3.145
double x659 3.145
double x66 3.145
double x660 3.145
double x661 3.145
double x662 3.145
double x663 3.145
double x664 3.145
double x665 3.145
double x666 3.145
double x667 3.145
double x668 3.145
double x669 3.145
double x67 3.145
double x670 3.145
double x671 3.145
double x672 3.145
double x673 3.145
double x674 3.145
double x675 3.145
double x676 3.145
double x677 3.145
double x678 3.145
double x679 3.145
double x68 3.145
double x680 3.145
double x681 3.145
double x682 3.145
double x683 3.145
double x684 3.145
double x685 3.145
double x686 3.145
double x687 3.145
double x688 3.145
double x689 3.145
double x69 3.145
double x690 3.145
double x691 3.145
double x692 3.145
double x693 3.145
double x694 3.145
double x695 3.145
double x696 3.145
double x697 3.145
double x698 3.145
double x699 3.145
double x7 3.145
double x70 3.145
double x700 3.145
double x701 3.145
double x702 3.145
double x703 3.145
double x704 3.145
double x705 3.145
double x706 3.145
double x707 3.145
double x708 3.145
double x709 3.145
double x71 3.145
double x710 3.145
double x711 3.145
double x712 3.145
double x713 3.145
double x714 3.145
double x715 3.145
double x716 3.145
double x717 3.145
double x718 3.145
double x719 3.145
double x72 3.145
double x720 3.145
double x721 3.145
double x722 3.145
double x723 3.145
double x724 3.145
double x725 3.145
double x726 3.145
double x727 3.145
double x728 3.145
double x729 3.145
double x73 3.145
double x730 3.145
double x731 3.145
double x732 3.145
double x733 3.145
double x734 3.145
double x735 3.145
double x736 3.145
double x737 3.145
double x738 3.145
double x739 3.145
double x74 3.145
double x740 3.145
double x741 3.145
double x742 3.145
double x743 3.145
double x744 3.145
double x745 3.145
double x746 3.145
double x747 3.145
double x748 3.145
double x749 3.145
double x75 3.145
double x750 3.145
double x751 3.145
double x752 3.145
double x753 3.145
double x754 3.145
double x755 3.145
double x756 3.145
double x757 3.145
double x758 3.145
double x759 3.145
double x76 3.145
double x760 3.145
double x761 3.145
double x762 3.145
double x763 3.145
double x764 3.145
double x765 3.145
double x766 3.145
double x767 3.145
double x768 3.145
double x769 3.145
double x77 3.145
double x770 3.145
double x771 3.145
double x772 3.145
double x773 3.145
double x774 3.145
double x775 3.145
double x776 3.145
double x777 3.145
double x778 3.145
double x779 3.145
double x78 3.145
double x780 3.145
double x781 3.145
double x782 3.145
double x783 3.145
double x784 3.145
double x785 3.145
double x786 3.145
double x787 3.145
double x788 3.145
double x789 3.145
double x79 3.145
double x790 3.145
double x791 3.145
double x792 3.145
double x793 3.145
double x794 3.145
double x795 3.145
double x796 3.145
double x797 3.145
double x798 3.145
double x799 3.145
double x8 3.145
double x80 3.145
double x800 3.145
double x801 3.145
double x802 3.145
double x803 3.145
double x804 3.145
double x805 3.145
double x806 3.145
double x807 3.145
double x808 3.145
double x809 3.145
double x81 3.145
double x810 3.145
double x811 3.145
double x812 3.145
double x813 3.145
double x814 3.145
double x815 3.145
double x816 3.145
double x817 3.145
double x818 3.145
double x819 3.145
double x82 3.145
double x820 3.145
double x821 3.145
double x822 3.145
double x823 3.145
double x824 3.145
double x825 3.145
double x826 3.145
double x827 3.145
double x828 3.145
double x829 3.145
double x83 3.145
double x830 3.145
double x831 3.145
double x832 3.145
double x833 3.145
double x834 3.145
double x835 3.145
double x836 3.145
double x837 3.145
double x838 3.145
double x839 3.145
double x84 3.145
double x840 3.145
double x841 3.145
double x842 3.145
double x843 3.145
double x844 3.145
double x845 3.145
double x846 3.145
double x847 3.145
double x848 3.145
double x849 3.145
double x85 3.145
double x850 3.145
double x851 3.145
double x852 3.145
double x853 3.145
double x854 3.145
double x855 3.145
double x856 3.145
double x857 3.145
double x858 3.145
double x859 3.145
double x86 3.145
double x860 3.145
double x861 3.145
double x862 3.145
double x863 3.145
double x864 3.145
double x865 3.145
double x866 3.145
double x867 3.145
double x868 3.145
double x869 3.145
double x87 3.145
double x870 3.145
double x871 3.145
double x872 3.145
double x873 3.145
double x874 3.145
double x875 3.145
double x876 3.145
double x877 3.145
double x878 3.145
double x879 3.145
double x88 3.145
double x880 3.145
double x881 3.145
double x882 3.145
double x883 3.145
double x884 3.145
double x885 3.145
double x886 3.145
double x887 3.145
double x888 3.145
double x889 3.145
double x89 3.145
double x890 3.145
double x891 3.145
double x892 3.145
double x893 3.145
double x894 3.145
double x895 3.145
double x896 3.145
double x897 3.145
double x898 3.145
double x899 3.145
double x9 3.145
double x90 3.145
double x900 3.145
double x901 3.145
double x902 3.145
double x903 3.145
double x904 3.145
double x905 3.145
double x906 3.145
double x907 3.145
double x908 3.145
double x909 3.145
double x91 3.145
double x910 3.145
double x911 3.145
double x912 3.145
double x913 3.145
double x914 3.145
double x915 3.145
double x916 3.145
double x917 3.145
double x918 3.145
double x919 3.145
double x92 3.145
double x920 3.145
double x921 3.145
double x922 3.145
double x923 3.145
double x924 3.145
double x925 3.145
double x926 3.145
double x927 3.145
double x928 3.145
double x929 3.145
double x93 3.145
double x930 3.145
double x931 3.145
double x932 3.145
double x933 3.145
double x934 3.145
double x935 3.145
double x936 3.145
double x937 3.145
double x938 3.145
double x939 3.145
double x94 3.145
double x940 3.145
double x941 3.145
double x942 3.145
double x943 3.145
double x944 3.145
double x945 3.145
double x946 3.145
double x947 3.145
double x948 3.145
double x949 3.145
double x95 3.145
double x950 3.145
double x951 3.145
double x952 3.145
double x953 3.145
double x954 3.145
double x955 3.145
double x956 3.145
double x957 3.145
double x958 3.145
double x959 3.145
double x96 3.145
double x960 3.145
double x961 3.145
double x962 3.145
double x963 3.145
double x964 3.145
double x965 3.145
double x966 3.145
double x967 3.145
double x968 3.145
double x969 3.145
double x97 3.145
double x970 3.145
double x971 3.145
double x972 3.145
double x973 3.145
double x974 3.145
double x975 3.145
double x976 3.145
double x977 3.145
double x978 3.145
double x979 3.145
double x98 3.145
double x980 3.145
double x981 3.145
double x982 3.145
double x983 3.145
double x984 3.145
double x985 3.145
double x986 3.145
double x987 3.145
double x988 3.145
double x989 3.145
double x99 3.145
double x990 3.145
double x991 3.145
double x992 3.145
double x993 3.145
double x994 3.145
double x995 3.145
double x996 3.145
double x997 3.145
double x998 3.145
double x999 3.145
If graphics was enabled gpl program would execute now.

gpl.cpp::main() done.
