gpl.cpp::main()
  input file(tests/t015.gpl)
  random seed(42)
  read_keypresses_from_standard_input(false)
  dump_pixels(true, file = results/t015.mypixels)
  symbol_table(true)
  print_symbol_table(true)
  graphics(true)

gpl.cpp::main() Calling yyparse()


gpl.cpp::main() after call to yyparse().


Printing the symbol table from main()
game_object r1
  Rectangle
  {
    animation_block = animation_block(0),
    blue = double(1),
    drawing_order = int(0),
    green = double(1),
    h = int(10),
    proximity = int(4),
    red = double(0.5),
    rotation = double(0),
    user_double = double(0),
    user_double2 = double(0),
    user_double3 = double(0),
    user_double4 = double(0),
    user_double5 = double(0),
    user_int = int(0),
    user_int2 = int(0),
    user_int3 = int(0),
    user_int4 = int(0),
    user_int5 = int(0),
    user_string = string(""),
    user_string2 = string(""),
    user_string3 = string(""),
    user_string4 = string(""),
    user_string5 = string(""),
    visible = int(1),
    w = int(10),
    x = int(300),
    y = int(300)
  }
game_object r2
  Rectangle
  {
    animation_block = animation_block(0),
    blue = double(0.8),
    drawing_order = int(0),
    green = double(0.9),
    h = int(20),
    proximity = int(4),
    red = double(0.5),
    rotation = double(30),
    user_double = double(0),
    user_double2 = double(0),
    user_double3 = double(0),
    user_double4 = double(0),
    user_double5 = double(0),
    user_int = int(0),
    user_int2 = int(0),
    user_int3 = int(0),
    user_int4 = int(0),
    user_int5 = int(0),
    user_string = string(""),
    user_string2 = string(""),
    user_string3 = string(""),
    user_string4 = string(""),
    user_string5 = string(""),
    visible = int(1),
    w = int(20),
    x = int(295),
    y = int(295)
  }
game_object r3
  Rectangle
  {
    animation_block = animation_block(0),
    blue = double(0.64),
    drawing_order = int(0),
    green = double(0.81),
    h = int(40),
    proximity = int(4),
    red = double(0.5),
    rotation = double(60),
    user_double = double(0),
    user_double2 = double(0),
    user_double3 = double(0),
    user_double4 = double(0),
    user_double5 = double(0),
    user_int = int(0),
    user_int2 = int(0),
    user_int3 = int(0),
    user_int4 = int(0),
    user_int5 = int(0),
    user_string = string(""),
    user_string2 = string(""),
    user_string3 = string(""),
    user_string4 = string(""),
    user_string5 = string(""),
    visible = int(1),
    w = int(40),
    x = int(285),
    y = int(285)
  }
game_object r4
  Rectangle
  {
    animation_block = animation_block(0),
    blue = double(0.512),
    drawing_order = int(0),
    green = double(0.729),
    h = int(80),
    proximity = int(4),
    red = double(0.5),
    rotation = double(90),
    user_double = double(0),
    user_double2 = double(0),
    user_double3 = double(0),
    user_double4 = double(0),
    user_double5 = double(0),
    user_int = int(0),
    user_int2 = int(0),
    user_int3 = int(0),
    user_int4 = int(0),
    user_int5 = int(0),
    user_string = string(""),
    user_string2 = string(""),
    user_string3 = string(""),
    user_string4 = string(""),
    user_string5 = string(""),
    visible = int(1),
    w = int(80),
    x = int(265),
    y = int(265)
  }
game_object r5
  Rectangle
  {
    animation_block = animation_block(0),
    blue = double(0.4096),
    drawing_order = int(0),
    green = double(0.6561),
    h = int(160),
    proximity = int(4),
    red = double(0.5),
    rotation = double(120),
    user_double = double(0),
    user_double2 = double(0),
    user_double3 = double(0),
    user_double4 = double(0),
    user_double5 = double(0),
    user_int = int(0),
    user_int2 = int(0),
    user_int3 = int(0),
    user_int4 = int(0),
    user_int5 = int(0),
    user_string = string(""),
    user_string2 = string(""),
    user_string3 = string(""),
    user_string4 = string(""),
    user_string5 = string(""),
    visible = int(1),
    w = int(160),
    x = int(225),
    y = int(225)
  }
game_object r6
  Rectangle
  {
    animation_block = animation_block(0),
    blue = double(0.32768),
    drawing_order = int(0),
    green = double(0.59049),
    h = int(320),
    proximity = int(4),
    red = double(0.5),
    rotation = double(150),
    user_double = double(0),
    user_double2 = double(0),
    user_double3 = double(0),
    user_double4 = double(0),
    user_double5 = double(0),
    user_int = int(0),
    user_int2 = int(0),
    user_int3 = int(0),
    user_int4 = int(0),
    user_int5 = int(0),
    user_string = string(""),
    user_string2 = string(""),
    user_string3 = string(""),
    user_string4 = string(""),
    user_string5 = string(""),
    visible = int(1),
    w = int(320),
    x = int(145),
    y = int(145)
  }
game_object r7
  Rectangle
  {
    animation_block = animation_block(0),
    blue = double(0.262144),
    drawing_order = int(0),
    green = double(0.531441),
    h = int(640),
    proximity = int(4),
    red = double(0.5),
    rotation = double(180),
    user_double = double(0),
    user_double2 = double(0),
    user_double3 = double(0),
    user_double4 = double(0),
    user_double5 = double(0),
    user_int = int(0),
    user_int2 = int(0),
    user_int3 = int(0),
    user_int4 = int(0),
    user_int5 = int(0),
    user_string = string(""),
    user_string2 = string(""),
    user_string3 = string(""),
    user_string4 = string(""),
    user_string5 = string(""),
    visible = int(1),
    w = int(640),
    x = int(-15),
    y = int(-15)
  }
int window_height 600
string window_title "p6 t015.gpl -- compare to t015.jpg"
int window_width 600
gpl.cpp::main() Calling window->initialize().
gpl.cpp::main() Passing control to window->main_loop().

Printing the symbol table from signal_handler()
game_object r1
  Rectangle
  {
    animation_block = animation_block(0),
    blue = double(1),
    drawing_order = int(0),
    green = double(1),
    h = int(10),
    proximity = int(4),
    red = double(0.5),
    rotation = double(0),
    user_double = double(0),
    user_double2 = double(0),
    user_double3 = double(0),
    user_double4 = double(0),
    user_double5 = double(0),
    user_int = int(0),
    user_int2 = int(0),
    user_int3 = int(0),
    user_int4 = int(0),
    user_int5 = int(0),
    user_string = string(""),
    user_string2 = string(""),
    user_string3 = string(""),
    user_string4 = string(""),
    user_string5 = string(""),
    visible = int(1),
    w = int(10),
    x = int(300),
    y = int(300)
  }
game_object r2
  Rectangle
  {
    animation_block = animation_block(0),
    blue = double(0.8),
    drawing_order = int(0),
    green = double(0.9),
    h = int(20),
    proximity = int(4),
    red = double(0.5),
    rotation = double(30),
    user_double = double(0),
    user_double2 = double(0),
    user_double3 = double(0),
    user_double4 = double(0),
    user_double5 = double(0),
    user_int = int(0),
    user_int2 = int(0),
    user_int3 = int(0),
    user_int4 = int(0),
    user_int5 = int(0),
    user_string = string(""),
    user_string2 = string(""),
    user_string3 = string(""),
    user_string4 = string(""),
    user_string5 = string(""),
    visible = int(1),
    w = int(20),
    x = int(295),
    y = int(295)
  }
game_object r3
  Rectangle
  {
    animation_block = animation_block(0),
    blue = double(0.64),
    drawing_order = int(0),
    green = double(0.81),
    h = int(40),
    proximity = int(4),
    red = double(0.5),
    rotation = double(60),
    user_double = double(0),
    user_double2 = double(0),
    user_double3 = double(0),
    user_double4 = double(0),
    user_double5 = double(0),
    user_int = int(0),
    user_int2 = int(0),
    user_int3 = int(0),
    user_int4 = int(0),
    user_int5 = int(0),
    user_string = string(""),
    user_string2 = string(""),
    user_string3 = string(""),
    user_string4 = string(""),
    user_string5 = string(""),
    visible = int(1),
    w = int(40),
    x = int(285),
    y = int(285)
  }
game_object r4
  Rectangle
  {
    animation_block = animation_block(0),
    blue = double(0.512),
    drawing_order = int(0),
    green = double(0.729),
    h = int(80),
    proximity = int(4),
    red = double(0.5),
    rotation = double(90),
    user_double = double(0),
    user_double2 = double(0),
    user_double3 = double(0),
    user_double4 = double(0),
    user_double5 = double(0),
    user_int = int(0),
    user_int2 = int(0),
    user_int3 = int(0),
    user_int4 = int(0),
    user_int5 = int(0),
    user_string = string(""),
    user_string2 = string(""),
    user_string3 = string(""),
    user_string4 = string(""),
    user_string5 = string(""),
    visible = int(1),
    w = int(80),
    x = int(265),
    y = int(265)
  }
game_object r5
  Rectangle
  {
    animation_block = animation_block(0),
    blue = double(0.4096),
    drawing_order = int(0),
    green = double(0.6561),
    h = int(160),
    proximity = int(4),
    red = double(0.5),
    rotation = double(120),
    user_double = double(0),
    user_double2 = double(0),
    user_double3 = double(0),
    user_double4 = double(0),
    user_double5 = double(0),
    user_int = int(0),
    user_int2 = int(0),
    user_int3 = int(0),
    user_int4 = int(0),
    user_int5 = int(0),
    user_string = string(""),
    user_string2 = string(""),
    user_string3 = string(""),
    user_string4 = string(""),
    user_string5 = string(""),
    visible = int(1),
    w = int(160),
    x = int(225),
    y = int(225)
  }
game_object r6
  Rectangle
  {
    animation_block = animation_block(0),
    blue = double(0.32768),
    drawing_order = int(0),
    green = double(0.59049),
    h = int(320),
    proximity = int(4),
    red = double(0.5),
    rotation = double(150),
    user_double = double(0),
    user_double2 = double(0),
    user_double3 = double(0),
    user_double4 = double(0),
    user_double5 = double(0),
    user_int = int(0),
    user_int2 = int(0),
    user_int3 = int(0),
    user_int4 = int(0),
    user_int5 = int(0),
    user_string = string(""),
    user_string2 = string(""),
    user_string3 = string(""),
    user_string4 = string(""),
    user_string5 = string(""),
    visible = int(1),
    w = int(320),
    x = int(145),
    y = int(145)
  }
game_object r7
  Rectangle
  {
    animation_block = animation_block(0),
    blue = double(0.262144),
    drawing_order = int(0),
    green = double(0.531441),
    h = int(640),
    proximity = int(4),
    red = double(0.5),
    rotation = double(180),
    user_double = double(0),
    user_double2 = double(0),
    user_double3 = double(0),
    user_double4 = double(0),
    user_double5 = double(0),
    user_int = int(0),
    user_int2 = int(0),
    user_int3 = int(0),
    user_int4 = int(0),
    user_int5 = int(0),
    user_string = string(""),
    user_string2 = string(""),
    user_string3 = string(""),
    user_string4 = string(""),
    user_string5 = string(""),
    visible = int(1),
    w = int(640),
    x = int(-15),
    y = int(-15)
  }
int window_height 600
string window_title "p6 t015.gpl -- compare to t015.jpg"
int window_width 600
